// Jest Snapshot v1, https://goo.gl/fbAQLP

exports[`PostItemSkeleton PostItemSkeleton 스냅샷 일치 1`] = `
<div>
  <div>
    <div
      class="animate-pulse rounded-md bg-muted w-full aspect-square drop-shadow mb-5"
    />
    <div
      class="flex flex-col items-center"
    >
      <div
        class="animate-pulse rounded-md bg-muted h-4 w-[200px] mb-2"
      />
      <div
        class="animate-pulse rounded-md bg-muted h-4 w-[100px]"
      />
    </div>
  </div>
  <div>
    <div
      class="animate-pulse rounded-md bg-muted w-full aspect-square drop-shadow mb-5"
    />
    <div
      class="flex flex-col items-center"
    >
      <div
        class="animate-pulse rounded-md bg-muted h-4 w-[200px] mb-2"
      />
      <div
        class="animate-pulse rounded-md bg-muted h-4 w-[100px]"
      />
    </div>
  </div>
  <div>
    <div
      class="animate-pulse rounded-md bg-muted w-full aspect-square drop-shadow mb-5"
    />
    <div
      class="flex flex-col items-center"
    >
      <div
        class="animate-pulse rounded-md bg-muted h-4 w-[200px] mb-2"
      />
      <div
        class="animate-pulse rounded-md bg-muted h-4 w-[100px]"
      />
    </div>
  </div>
  <div>
    <div
      class="animate-pulse rounded-md bg-muted w-full aspect-square drop-shadow mb-5"
    />
    <div
      class="flex flex-col items-center"
    >
      <div
        class="animate-pulse rounded-md bg-muted h-4 w-[200px] mb-2"
      />
      <div
        class="animate-pulse rounded-md bg-muted h-4 w-[100px]"
      />
    </div>
  </div>
  <div>
    <div
      class="animate-pulse rounded-md bg-muted w-full aspect-square drop-shadow mb-5"
    />
    <div
      class="flex flex-col items-center"
    >
      <div
        class="animate-pulse rounded-md bg-muted h-4 w-[200px] mb-2"
      />
      <div
        class="animate-pulse rounded-md bg-muted h-4 w-[100px]"
      />
    </div>
  </div>
  <div>
    <div
      class="animate-pulse rounded-md bg-muted w-full aspect-square drop-shadow mb-5"
    />
    <div
      class="flex flex-col items-center"
    >
      <div
        class="animate-pulse rounded-md bg-muted h-4 w-[200px] mb-2"
      />
      <div
        class="animate-pulse rounded-md bg-muted h-4 w-[100px]"
      />
    </div>
  </div>
  <div>
    <div
      class="animate-pulse rounded-md bg-muted w-full aspect-square drop-shadow mb-5"
    />
    <div
      class="flex flex-col items-center"
    >
      <div
        class="animate-pulse rounded-md bg-muted h-4 w-[200px] mb-2"
      />
      <div
        class="animate-pulse rounded-md bg-muted h-4 w-[100px]"
      />
    </div>
  </div>
  <div>
    <div
      class="animate-pulse rounded-md bg-muted w-full aspect-square drop-shadow mb-5"
    />
    <div
      class="flex flex-col items-center"
    >
      <div
        class="animate-pulse rounded-md bg-muted h-4 w-[200px] mb-2"
      />
      <div
        class="animate-pulse rounded-md bg-muted h-4 w-[100px]"
      />
    </div>
  </div>
  <div>
    <div
      class="animate-pulse rounded-md bg-muted w-full aspect-square drop-shadow mb-5"
    />
    <div
      class="flex flex-col items-center"
    >
      <div
        class="animate-pulse rounded-md bg-muted h-4 w-[200px] mb-2"
      />
      <div
        class="animate-pulse rounded-md bg-muted h-4 w-[100px]"
      />
    </div>
  </div>
</div>
`;
