// Jest Snapshot v1, https://goo.gl/fbAQLP

exports[`BackButton BackButton 스냅샷 일치 1`] = `
<div>
  <button
    class="flex items-center mb-5"
  >
    <svg
      class="lucide lucide-move-left mr-2"
      fill="none"
      height="24"
      stroke="currentColor"
      stroke-linecap="round"
      stroke-linejoin="round"
      stroke-width="2"
      viewBox="0 0 24 24"
      width="24"
      xmlns="http://www.w3.org/2000/svg"
    >
      <path
        d="M6 8L2 12L6 16"
      />
      <path
        d="M2 12H22"
      />
    </svg>
    <span>
      Back
    </span>
  </button>
</div>
`;
